{
    "items": [
        {
            "name": "lastCommit.shortID",
            "example": "3cb8901f",
            "label": "default"
        },
        {
            "name": "pullRequest.id",
            "example": "1",
            "label": "default"
        },
        {
            "name": "pullRequest.source",
            "example": "branch",
            "label": "default"
        },
        {
            "name": "pullRequest.target",
            "example": "main",
            "label": "default"
        },
        {
            "name": "branch.name",
            "example": "main",
            "label": "default"
        }
    ]
}
