coverage:
  lines: 23%
  branches: 45%
testResults:
  passed: 1
  failed: 5
  skipped: 3
  passedTestRate: 100%
