{
  "junit-xml": {
    "total": 14,
    "passed": 14,
    "failed": 0,
    "error": 0,
    "skipped": 0,
    "passedTestsRate": 1.00
  }
}
