cloudEvent: ""
cloudEvent.id: 5aa832f6-17eb-11ed-9832-1bc8c2fab4b0
cloudEvent.source: https://github.com/katanomi/spec
cloudEvent.specversion: "1.0"
cloudEvent.subject: dc442de0cb4efac54104bc247d387a13432edad8
cloudEvent.time: "2022-08-09T13:58:36Z"
cloudEvent.type: dev.katanomi.cloudevents.github.push
cloudEvent.datacontenttype: application/json
cloudEvent.extensions: ""
cloudEvent.extensions.action: create
cloudEvent.extensions.branch: main
cloudEvent.extensions.commit: dc442de0cb4efac54104bc247d387a13432edad8
cloudEvent.extensions.commitmessage: 'fix: buildrun label description (#137)  Co-authored-by: jzli <jzli@alauda.io>'
cloudEvent.extensions.knativearrivaltime: "2022-08-09T13:58:36.60007265Z"
cloudEvent.extensions.reference: refs/heads/main
cloudEvent.extensions.repository: katanomi/spec
