revision: "refs/head/main"
revision.raw: refs/head/main
revision.type: Branch
revision.id: main
