name: ""
protected: false
default: false
webURL: ""

