revision: ""
revision.raw: ""
revision.type: ""
revision.id: ""
