"git":                ""
"git.url":            "https://github.com/katanomi/pkg"
"git.versionPhase":   ""
"git.version":        "v1.2.3"
"git.version.docker": "v1.2.3"
"git.version.custom": "v1.2.3-custom"
#
"git.revision":      "refs/pulls/123/head"
"git.revision.raw":  "refs/pulls/123/head"
"git.revision.id":   "123"
"git.revision.type": "PullRequest"
#
"git.lastCommit":             "abe83942"
"git.lastCommit.id":          "abe83942450308432a12e9679519795f938b2bed"
"git.lastCommit.shortID":     "abe83942"
"git.lastCommit.title":       "Initial commit 406"
"git.lastCommit.message":     "Initial commit 406\n"
"git.lastCommit.authorEmail": "alauda@github.com"
"git.lastCommit.pushedAt":    "2020-01-01T01:02:03Z"
"git.lastCommit.webURL":      "https://github.com"
#
"git.pullRequest":              "1"
"git.pullRequest.id":           "1"
"git.pullRequest.title":        "test-build ==> master"
"git.pullRequest.source":       "test-build"
"git.pullRequest.target":       "master"
"git.pullRequest.webURL":       "https://github.com/katanomi/pkg/merge_requests/1"
"git.pullRequest.hasConflicts": "true"
"git.pullRequest.authorEmail":  "alauda@github.com"
#
"git.branch":           "test-build"
"git.branch.name":      "test-build"
"git.branch.nameAsTag": "test-build"
"git.branch.protected": "true"
"git.branch.default":   "true"
"git.branch.webURL":    "https://github.com/katanomi/pkg/tree/test"
#
"git.target":           "release"
"git.target.name":      "release"
"git.target.nameAsTag": "release"
"git.target.protected": "true"
"git.target.default":   "false"
"git.target.webURL":    "https://github.com/katanomi/pkg/tree/release"
