"git":         ""
"git.url":     ""
"git.version": ""
"git.versionPhase": ""
#
"git.revision":      ""
"git.revision.raw":  ""
"git.revision.id":   ""
"git.revision.type": ""
#
"git.lastCommit":             ""
"git.lastCommit.id":          ""
"git.lastCommit.shortID":     ""
"git.lastCommit.title":       ""
"git.lastCommit.message":     ""
"git.lastCommit.authorEmail": ""
"git.lastCommit.pushedAt":    ""
"git.lastCommit.webURL":      ""
#
"git.pullRequest":              ""
"git.pullRequest.id":           ""
"git.pullRequest.title":        ""
"git.pullRequest.source":       ""
"git.pullRequest.target":       ""
"git.pullRequest.webURL":       ""
"git.pullRequest.authorEmail":  ""
"git.pullRequest.hasConflicts": "false"
# branch
"git.branch":           ""
"git.branch.name":      ""
"git.branch.nameAsTag": ""
"git.branch.protected": "false"
"git.branch.default":   "false"
"git.branch.webURL":    ""
# target
"git.target":           ""
"git.target.name":      ""
"git.target.nameAsTag": ""
"git.target.protected": "false"
"git.target.default":   "false"
"git.target.webURL":    ""
