triggeredBy: ""
triggeredBy.user: ""
triggeredBy.user.kind: ""
triggeredBy.user.apiGroup: ""
triggeredBy.user.name: ""
triggeredBy.user.namespace: ""
triggeredBy.cloudEvent: ""
triggeredBy.cloudEvent.id: ""
triggeredBy.cloudEvent.source: ""
triggeredBy.cloudEvent.specversion: ""
triggeredBy.cloudEvent.subject: ""
triggeredBy.cloudEvent.time: "0001-01-01T00:00:00Z"
triggeredBy.cloudEvent.type: ""
triggeredBy.cloudEvent.datacontenttype: ""
triggeredBy.cloudEvent.extensions: ""
triggeredBy.ref: ""
triggeredBy.ref.kind: ""
triggeredBy.ref.namespace: ""
triggeredBy.ref.name: ""
triggeredBy.ref.uid: ""
triggeredBy.ref.apiVersion: ""
triggeredBy.triggeredTimestamp: ""
triggeredBy.triggeredTimestamp.yyyyMMddmmss: ""
triggeredBy.triggeredType: ""
