user: ""
user.kind: "ServiceAccount"
user.apiGroup: "v1"
user.name: "default"
user.namespace: "default"
