targets:
  - uri: aquasec/trivy:latest
    criticalCount: 10
    highCount: 11
    mediumCount: 12
    lowCount: 13
    unknownCount: 14
    cvss:
      source: Nvd
      severity: Critical
      score: "7.3"
    type: Image
  - uri: ubuntu:22.04@sha265:aaaaaaaaaaaaaa
    type: Image
    criticalCount: 10
    highCount: 11
    mediumCount: 12
    lowCount: 13
    unknownCount: 14
    cvss:
      source: Nvd
      score: "7.3"
      severity: Critical
result: Succeeded
