operator: or
value:
  - operator: eq
    key: uid
    value: test-uid
  - operator: eq
    key: name
    value: test-name
