operator: or
value:
  - operator: eq
    key: metadata."status"
    value: "False"
  - operator: eq
    key: metadata."status"
    value: "True"
