 - type: HelmChart
   url: registry.katanomi.dev/abc/def
   versions:
   - v1.1.1
   digest: sha256:88008bc80503efb3d6c0a8c76fbda9e89067fc57c400c89901519984fc80ad93
 - type: HelmChart
   url: index.docker.io/katanomi/controller
   versions:
   - v1.1.1
   - latest
   digest: sha256:88008bc80503efb3d6c0a8c76fbda9e89067fc57c400c89901519984fc80ad93
