- url: "https://binary.katanomi.dev/abc/def.jpg"
  type: Binary
- url: "https://binary.katanomi.dev/abc/anotherfolder"
  type: Binary
