- url: 'registry.katanomi.dev/abc/def'
  type: ContainerImage
  versions:
    - latest
- url: 'registry.katanomi.dev/abc/def'
  type: ContainerImage
  digest: sha256:b51bf41c3f3c64c818a8649156847d6b285d0c19f4bf0490378229b02ce5dafe
- url: 'registry.katanomi.dev/project/repository'
  type: ContainerImage
  digest: sha256:b51bf41c3f3c64c818a8649156847d6b285d0c19f4bf0490378229b02ce5dzzz
  versions:
    - v1
    - v1.1
- url: 'registry.katanomi.dev/project/repository'
  type: ContainerImage
  versions:
    - 'v2'
- url: 'registry.katanomi.dev/project/repository2'
  type: ContainerImage
  digest: sha256:b51bf41c3f3c64c818a8649156847d6b285d0c19f4bf0490378229b02ce5dzzz
  versions:
    - v1
- url: '192.168.1.1:32001/repo/test'
  type: ContainerImage
  versions:
    - 'tag'
