{
    "items": [
        {
            "name": "url",
            "example": "https://github.com/repository/tree/main"
        },
        {
            "name": "revision",
            "example": "refs/head/main"
        },
        {
            "name": "revision.raw",
            "example": "refs/head/main"
        },
        {
            "name": "revision.type",
            "example": "Branch"
        },
        {
            "name": "revision.id",
            "example": "1"
        },
        {
            "name": "revision.revisionPusher"
        },
        {
            "name": "lastCommit",
            "example": "3cb8901f"
        },
        {
            "name": "lastCommit.shortID",
            "example": "3cb8901f",
            "label": "default"
        },
        {
            "name": "lastCommit.id",
            "example": "3cb8901fb325228ea27b751fcf0d6c0658a57f01"
        },
        {
            "name": "lastCommit.title",
            "example": "Update README.md"
        },
        {
            "name": "lastCommit.message",
            "example": "Author email when running build"
        },
        {
            "name": "lastCommit.authorEmail",
            "example": "joedoe@example.com"
        },
        {
            "name": "lastCommit.pushedAt",
            "example": "2022-08-04T17:21:36Z"
        },
        {
            "name": "lastCommit.webURL",
            "example": "https://github.com/repository/commit/3cb8901fb325228ea27b751fcf0d6c0658a57f01"
        },
        {
            "name": "lastCommit.mergedBy",
            "example": "joedoe@example.com"
        },
        {
            "name": "pullRequest",
            "example": "1"
        },
        {
            "name": "pullRequest.id",
            "example": "1",
            "label": "default"
        },
        {
            "name": "pullRequest.title",
            "example": "Lets merge code"
        },
        {
            "name": "pullRequest.source",
            "example": "branch",
            "label": "default"
        },
        {
            "name": "pullRequest.target",
            "example": "main",
            "label": "default"
        },
        {
            "name": "pullRequest.authorEmail",
            "example": "joedoe@example.com"
        },
        {
            "name": "pullRequest.webURL",
            "example": "https://github.com/repository/pull/1"
        },
        {
            "name": "pullRequest.hasConflicts",
            "example": "false"
        },
        {
            "name": "branch",
            "example": "main"
        },
        {
            "name": "branch.name",
            "example": "main",
            "label": "default"
        },
        {
            "name": "branch.protected",
            "example": "true"
        },
        {
            "name": "branch.default",
            "example": "true"
        },
        {
            "name": "branch.webURL",
            "example": "https://github.com/repository/tree/main"
        },
        {
            "name": "target",
            "example": "main"
        },
        {
            "name": "target.name",
            "example": "main",
            "label": "default"
        },
        {
            "name": "target.protected",
            "example": "true"
        },
        {
            "name": "target.default",
            "example": "true"
        },
        {
            "name": "target.webURL",
            "example": "https://github.com/repository/tree/main"
        }
    ]
}
