{
    "items": [
        {
            "name": "user",
            "example": "admin"
        },
        {
            "name": "user.kind",
            "example": "User"
        },
        {
            "name": "user.apiGroup"
        },
        {
            "name": "user.name",
            "example": "joedoe@example.com"
        },
        {
            "name": "user.namespace",
            "example": "default"
        },
        {
            "name": "cloudEvent"
        },
        {
            "name": "cloudEvent.id",
            "example": "b51b6a90be6a6f7a2aa65049ad.2022-08-05-05-34"
        },
        {
            "name": "cloudEvent.source",
            "example": "https://github.com/repository"
        },
        {
            "name": "cloudEvent.subject",
            "example": "58127"
        },
        {
            "name": "cloudEvent.type",
            "example": "dev.katanomi.cloudevents.gitlab.Merge Request Hook"
        },
        {
            "name": "cloudEvent.time",
            "example": "2022-08-05T05:34:39Z"
        },
        {
            "name": "cloudEvent.specversion",
            "example": "1.0"
        },
        {
            "name": "cloudEvent.datacontenttype",
            "example": "application/json"
        },
        {
            "name": "ref"
        },
        {
            "name": "ref.kind",
            "example": "DeliveryRun"
        },
        {
            "name": "ref.namespace",
            "example": "default"
        },
        {
            "name": "ref.name",
            "example": "delivery-run-abdexy"
        },
        {
            "name": "ref.uid",
            "example": "b2fab970-f672-4af0-a9cd-5ad9a8dbcc29"
        },
        {
            "name": "ref.apiVersion",
            "example": "deliveries.katanomi.dev/v1alpha1"
        },
        {
            "name": "triggeredTimestamp",
            "example": "2022-08-05T05:34:39Z"
        },
        {
            "name": "triggeredType",
            "example": "Automated"
        }
    ]
}
